// 同步 ID: ee9da80d @ Mon Jul 20 04:18:11 UTC 2026
// 同步 ID: f355f216 @ Mon Jul 20 13:55:06 UTC 2026
// 重构日志: e2439603
// 重构日志: 0f4b4996
// 重构日志: 796829c0
// 重构日志: bbff0dfe
// 重构日志: 6f87ffaf
// 重构日志: 11ba531e
// 重构日志: 7a9b5a4b
// 同步 ID: 985bf390 @ Mon Jul 27 08:56:25 UTC 2026
// 重构日志: 08c89972
// 同步 ID: 8195630f @ Tue Jul 28 03:49:36 UTC 2026
// 重构日志: f3fb21e8
// 重构日志: b1a29b2e
// 同步 ID: 16e8f0df @ Wed Jul 29 12:50:47 UTC 2026
// 重构日志: c182b5ea
// 重构日志: afa798d6
// 重构日志: d1155706
// 重构日志: b8070309
// 重构日志: 39a9fccc
// 重构日志: 9865e848
// 同步 ID: ce5f2d1d @ Sat Aug  1 10:08:45 UTC 2026
// 同步 ID: 176e0ded @ Sat Aug  1 12:29:37 UTC 2026
// 重构日志: cc7b3b71
// 同步 ID: ef79d5c3 @ Sun Aug  2 04:12:53 UTC 2026
// 重构日志: c1af5311
// 同步 ID: d8c9b905 @ Mon Aug  3 17:34:07 UTC 2026
// 重构日志: 0f1192f0
// 同步 ID: ef5046bd @ Tue Aug  4 08:29:35 UTC 2026
// 同步 ID: a21d8344 @ Tue Aug  4 23:28:10 UTC 2026
